// Jest Snapshot v1, https://goo.gl/fbAQLP

exports[`Panel section  renders correctly 1`] = `
<div
  className="justify-content-center column row"
  style={
    Object {
      "margin": "1rem",
    }
  }
>
  <div
    className="jumbotron"
    style={
      Object {
        "textAlign": "center",
      }
    }
  >
    <p
      style={
        Object {
          "height": "90px",
        }
      }
    >
      this is a message
    </p>
    <section>
      <label
        htmlFor="upload-button"
        style={
          Object {
            "border": "solid grey 1px",
            "borderRadius": "3px",
            "cursor": "pointer",
            "padding": "8px 10px",
          }
        }
      >
        Upload
      </label>
      <input
        accept=".csv"
        hidden={true}
        id="upload-button"
        onChange={[Function]}
        type="file"
      />
      
    </section>
  </div>
</div>
`;
